<div class="sect1">
<h2 id="_asciidoc_roolz">Asciidoc Roolz</h2>
<div class="sectionbody">
<div class="paragraph">
<p>OMG it&#8217;s <em>WAY</em> better than <strong>Markdown</strong>, or any of those other markup languages.</p>
</div>
</div>
</div>